[theflex.global/property/280927.html]
[theflex.global/_next/static/css/65f122184927b531.css]
[theflex.global/_next/static/css/3dd55bcc093c75f8.css]
[theflex.global/_next/static/chunks/webpack-50e368a54dbb15a4.js]
[theflex.global/_next/static/chunks/fd9d1056-01a3f02082479fa1.js]
[theflex.global/_next/static/chunks/main-app-1033a728aa28fe33.js]
[theflex.global/_next/static/chunks/2117-551bc40e8fa95f41.js]
[theflex.global/_next/static/chunks/9661-06658d7272e3d16f.js]
[theflex.global/_next/static/chunks/6579-6007cfd90eb29931.js]
[theflex.global/_next/static/chunks/8130-310c9f301e1e5d03.js]
[theflex.global/_next/static/chunks/2972-ac5da74c42505ced.js]
[theflex.global/_next/static/chunks/6542-4c280815798c1862.js]
[theflex.global/_next/static/chunks/6058-a3ef94a919ac1769.js]
[theflex.global/_next/static/chunks/2541-0b6946b0abf3d9b1.js]
[theflex.global/_next/static/chunks/5667-19bb69400e442c5f.js]
[theflex.global/_next/static/chunks/5703-6bdc060a48ef255d.js]
[theflex.global/_next/static/chunks/8003-b44be0d0bc9094b1.js]
[theflex.global/_next/static/chunks/4942-955a08317bd30b44.js]
[theflex.global/_next/static/chunks/6797-4bb3f8c177b0ce49.js]
[theflex.global/_next/static/chunks/2936-fdfc9a6a1af652f6.js]
[theflex.global/_next/static/chunks/443-dcb82d261e69d7ab.js]
[theflex.global/_next/static/chunks/app/layout-6e5a49eac89c1418.js]
[theflex.global/_next/static/chunks/app/not-found-355b7a4002597574.js]
[theflex.global/_next/static/chunks/2551-37238c42f4057949.js]
[theflex.global/_next/static/chunks/4e6af11a-b5aa77f395a3d67c.js]
[theflex.global/_next/static/chunks/7107-d5a246154a3db9a9.js]
[theflex.global/_next/static/chunks/3457-1345b58fe214146b.js]
[theflex.global/_next/static/chunks/3464-1b2faeb0cd6b41e4.js]
[theflex.global/_next/static/chunks/1045-1cc62633ea48ed79.js]
[theflex.global/_next/static/chunks/9188-dc072fd7e2018ce3.js]
[theflex.global/_next/static/chunks/2857-1899ec283e0f838d.js]
[theflex.global/_next/static/chunks/8432-6f34933c51c1f040.js]
[theflex.global/_next/static/chunks/app/property/[id]/page-29c2b16fcd0e3917.js]
[theflex.global/favicons/favicon-dark-green.png]
[theflex.global/favicons/favicon-white.png]
[backblue.gif]
[fade.gif]
[index.html]
[theflex.global/_next/static/chunks/polyfills-42372ed130431b0a.js]
[static.klaviyo.com/onsite/js/klaviyo91ca.js]
[theflex.global/property/280927.html]
[theflex.global/_next/static/css/65f122184927b531.css]
[theflex.global/_next/static/css/3dd55bcc093c75f8.css]
[theflex.global/logo.html]
[theflex.global/_next/static/chunks/5361-04b4e230cf83dd97.js]
[theflex.global/_next/static/chunks/4438-59726a989ff47be6.js]
[theflex.global/_next/static/chunks/3590-15d3108af2ecc026.js]
[theflex.global/_next/static/chunks/9372-d83c868103e9968c.js]
[theflex.global/_next/static/chunks/1786-85ff73469c9ec5f1.js]
[theflex.global/_next/static/chunks/5020-fc96a9b867d1e349.js]
[theflex.global/_next/static/chunks/9753-4572f12727ef4f9e.js]
[theflex.global/_next/static/chunks/5886-1960e3188145e223.js]
[theflex.global/_next/static/chunks/2410-6a8928736e1f4a12.js]
[theflex.global/_next/static/chunks/8956-cadb13420194a20a.js]
[theflex.global/_next/static/chunks/2489-cdf075eca58c7d97.js]
[theflex.global/_next/static/chunks/7147-eb4064af1754b724.js]
[theflex.global/_next/static/chunks/283-d8a921fc2627649a.js]
[theflex.global/_next/static/chunks/8158-d45b3f741af8facf.js]
[theflex.global/_next/static/chunks/1077-459998018df4d37a.js]
[theflex.global/_next/static/chunks/4773-f316ba6fe4bdd10f.js]
[theflex.global/_next/static/chunks/app/[locale]/[[...slug]]/page-54e27b1387db8aae.js]
[theflex.global/fr/logo.html]
[theflex.global/es/logo.html]
[theflex.global/ar/logo.html]
[theflex.global/zh/logo.html]
[theflex.global/manifest.json]
[theflex.global/fr.html]
[theflex.global/es.html]
[theflex.global/ar.html]
[theflex.global/logo.html]
[theflex.global/_next/static/css/262ccd4c55a3784e.css]
[theflex.global/fr/logo.html]
[theflex.global/es/logo.html]
[theflex.global/ar/logo.html]
[theflex.global/zh/logo.html]
[theflex.global/fr.html]
[theflex.global/zh.html]
[theflex.global/es.html]
[theflex.global/fr/index.html]
[theflex.global/es/index.html]
[theflex.global/ar.html]
[theflex.global/zh.html]
[theflex.global/fr/index.html]
[theflex.global/es/index.html]
[theflex.global/ar/index.html]
[theflex.global/ar/index.html]
[theflex.global/zh/index.html]
[theflex.global/zh/index.html]
